
==================================================
AUTOMATIC RECONCILIATION RUN: 2026-07-21T20:23:07.913Z
==================================================
Reconciling Periode: 2026-07-01 -> Fri Jul 31 2026 00:00:00 GM
✅ Neraca Balance (Laba Bersih: Rp 0)
ERROR DURING RECONCILIATION: (intermediate value) is not iterable

==================================================
AUTOMATIC RECONCILIATION RUN: 2026-07-21T20:23:39.595Z
==================================================
Reconciling Periode: 2026-07-01 -> Fri Jul 31 2026 00:00:00 GM
✅ Neraca Balance (Laba Bersih: Rp 0)
Reconciling Periode: 2026-06-01 -> 
✅ Neraca Balance (Laba Bersih: Rp 0)
Result: ALL BALANCED

==================================================
AUTOMATIC RECONCILIATION RUN: 2026-07-21T20:24:11.862Z
==================================================
Reconciling Periode: 2026-07-01 -> 2026-07-31
✅ Neraca Balance (Laba Bersih: Rp 218.530)
Reconciling Periode: 2026-06-01 -> 2026-06-30
✅ Neraca Balance (Laba Bersih: Rp 2.557.490)
Result: ALL BALANCED
